// Jest Snapshot v1, https://goo.gl/fbAQLP

exports[`<Diploma /> should render correctly 1`] = `
<DocumentFragment>
  <div
    class="root-0-2-4"
  >
    <div
      class="content-0-2-5"
    >
      <div
        class="title-0-2-1"
        currentitem="false"
        data-class="tip-0-2-2"
        data-tip="Neat place to keep track of all my followed courses"
      >
        <h2>
          Courses I followed
        </h2>
        <svg
          aria-hidden="true"
          class="svg-inline--fa fa-question-circle fa-w-16 "
          data-icon="question-circle"
          data-prefix="fas"
          focusable="false"
          role="img"
          viewBox="0 0 512 512"
          xmlns="http://www.w3.org/2000/svg"
        >
          <path
            d="M504 256c0 136.997-111.043 248-248 248S8 392.997 8 256C8 119.083 119.043 8 256 8s248 111.083 248 248zM262.655 90c-54.497 0-89.255 22.957-116.549 63.758-3.536 5.286-2.353 12.415 2.715 16.258l34.699 26.31c5.205 3.947 12.621 3.008 16.665-2.122 17.864-22.658 30.113-35.797 57.303-35.797 20.429 0 45.698 13.148 45.698 32.958 0 14.976-12.363 22.667-32.534 33.976C247.128 238.528 216 254.941 216 296v4c0 6.627 5.373 12 12 12h56c6.627 0 12-5.373 12-12v-1.333c0-28.462 83.186-29.647 83.186-106.667 0-58.002-60.165-102-116.531-102zM256 338c-25.365 0-46 20.635-46 46 0 25.364 20.635 46 46 46s46-20.636 46-46c0-25.365-20.635-46-46-46z"
            fill="currentColor"
          />
        </svg>
        <p>
          This whole section is a todo
        </p>
      </div>
      <div
        class="contents-0-2-3"
      >
        <details
          class="root-0-2-6"
          open=""
        >
          <summary>
            <span
              currentitem="false"
              data-tip="30/04/2023 - 30/04/2023"
            >
              Todo
              <span
                class="overDue-0-2-7"
              >
                overdue
              </span>
            </span>
          </summary>
          <details
            class="courseDetails-0-2-8"
          >
            <summary>
              <span
                currentitem="false"
                data-tip="17% done"
              >
                Todo course
              </span>
              <div
                style="width: 500px; height: 3px; background-color: rgb(44, 44, 44); margin-top: 3px;"
              >
                <div
                  style="height: 100%; width: 17%; background-color: rgb(152, 195, 121); transition: width 500ms ease;"
                />
              </div>
            </summary>
            <div
              class="bookPanel-0-2-10"
            >
              <li
                class="bookItem-0-2-12"
              >
                <span
                  currentitem="false"
                  data-tip="0% done"
                >
                  <svg
                    class="CircularProgressbar progress-0-2-13"
                    data-test-id="CircularProgressbar"
                    viewBox="0 0 100 100"
                  >
                    <path
                      class="CircularProgressbar-trail"
                      d="
      M 50,50
      m 0,-38
      a 38,38 0 1 1 0,76
      a 38,38 0 1 1 0,-76
    "
                      fill-opacity="0"
                      stroke-width="24"
                      style="stroke-dasharray: 238.76104167282426px 238.76104167282426px; stroke-dashoffset: 0px;"
                    />
                    <path
                      class="CircularProgressbar-path"
                      d="
      M 50,50
      m 0,-38
      a 38,38 0 1 1 0,76
      a 38,38 0 1 1 0,-76
    "
                      fill-opacity="0"
                      stroke-width="24"
                      style="stroke-dasharray: 238.76104167282426px 238.76104167282426px; stroke-dashoffset: 238.76104167282426px;"
                    />
                  </svg>
                </span>
                <a
                  aria-label="Introduction to todo"
                  data-class="toolTip-0-2-11"
                  data-place="right"
                  href="https://www.google.be"
                  rel="noopener noreferrer"
                  target="_blank"
                >
                  Introduction to todo
                </a>
              </li>
              <li
                class="bookItem-0-2-12"
              >
                <span
                  currentitem="false"
                  data-tip="33% done"
                >
                  <svg
                    class="CircularProgressbar progress-0-2-13"
                    data-test-id="CircularProgressbar"
                    viewBox="0 0 100 100"
                  >
                    <path
                      class="CircularProgressbar-trail"
                      d="
      M 50,50
      m 0,-38
      a 38,38 0 1 1 0,76
      a 38,38 0 1 1 0,-76
    "
                      fill-opacity="0"
                      stroke-width="24"
                      style="stroke-dasharray: 238.76104167282426px 238.76104167282426px; stroke-dashoffset: 0px;"
                    />
                    <path
                      class="CircularProgressbar-path"
                      d="
      M 50,50
      m 0,-38
      a 38,38 0 1 1 0,76
      a 38,38 0 1 1 0,-76
    "
                      fill-opacity="0"
                      stroke-width="24"
                      style="stroke-dasharray: 238.76104167282426px 238.76104167282426px; stroke-dashoffset: 159.96989792079225px;"
                    />
                  </svg>
                </span>
                <a
                  aria-label="Todo 2"
                  data-class="toolTip-0-2-11"
                  data-place="right"
                  href="https://bing.com"
                  rel="noopener noreferrer"
                  target="_blank"
                >
                  Todo 2
                </a>
              </li>
            </div>
          </details>
        </details>
      </div>
      <div
        class="__react_component_tooltip t00000000-0000-4000-8000-000000000000 place-top type-dark"
        data-id="tooltip"
        id="t00000000-0000-4000-8000-000000000000"
      >
        <style
          aria-hidden="true"
        >
          
  	.t00000000-0000-4000-8000-000000000000 {
	    color: #fff;
	    background: #222;
	    border: 1px solid transparent;
	    border-radius: undefinedpx;
	    padding: 8px 21px;
  	}

  	.t00000000-0000-4000-8000-000000000000.place-top {
        margin-top: -10px;
    }
    .t00000000-0000-4000-8000-000000000000.place-top::before {
        content: "";
        background-color: inherit;
        position: absolute;
        z-index: 2;
        width: 20px;
        height: 12px;
    }
    .t00000000-0000-4000-8000-000000000000.place-top::after {
        content: "";
        position: absolute;
        width: 10px;
        height: 10px;
        border-top-right-radius: undefinedpx;
        border: 1px solid transparent;
        background-color: #222;
        z-index: -2;
        bottom: -6px;
        left: 50%;
        margin-left: -6px;
        transform: rotate(135deg);
    }

    .t00000000-0000-4000-8000-000000000000.place-bottom {
        margin-top: 10px;
    }
    .t00000000-0000-4000-8000-000000000000.place-bottom::before {
        content: "";
        background-color: inherit;
        position: absolute;
        z-index: -1;
        width: 18px;
        height: 10px;
    }
    .t00000000-0000-4000-8000-000000000000.place-bottom::after {
        content: "";
        position: absolute;
        width: 10px;
        height: 10px;
        border-top-right-radius: undefinedpx;
        border: 1px solid transparent;
        background-color: #222;
        z-index: -2;
        top: -6px;
        left: 50%;
        margin-left: -6px;
        transform: rotate(45deg);
    }

    .t00000000-0000-4000-8000-000000000000.place-left {
        margin-left: -10px;
    }
    .t00000000-0000-4000-8000-000000000000.place-left::before {
        content: "";
        background-color: inherit;
        position: absolute;
        z-index: -1;
        width: 10px;
        height: 18px;
    }
    .t00000000-0000-4000-8000-000000000000.place-left::after {
        content: "";
        position: absolute;
        width: 10px;
        height: 10px;
        border-top-right-radius: undefinedpx;
        border: 1px solid transparent;
        background-color: #222;
        z-index: -2;
        right: -6px;
        top: 50%;
        margin-top: -6px;
        transform: rotate(45deg);
    }

    .t00000000-0000-4000-8000-000000000000.place-right {
        margin-left: 10px;
    }
    .t00000000-0000-4000-8000-000000000000.place-right::before {
        content: "";
        background-color: inherit;
        position: absolute;
        z-index: -1;
        width: 10px;
        height: 18px;
    }
    .t00000000-0000-4000-8000-000000000000.place-right::after {
        content: "";
        position: absolute;
        width: 10px;
        height: 10px;
        border-top-right-radius: undefinedpx;
        border: 1px solid transparent;
        background-color: #222;
        z-index: -2;
        left: -6px;
        top: 50%;
        margin-top: -6px;
        transform: rotate(-135deg);
    }
  
        </style>
      </div>
    </div>
  </div>
</DocumentFragment>
`;
